#-----------------------------------------------------------
# Vivado v2024.2 (64-bit)
# SW Build 5239630 on Fri Nov 08 22:35:27 MST 2024
# IP Build 5239520 on Sun Nov 10 16:12:51 MST 2024
# SharedData Build 5239561 on Fri Nov 08 14:39:27 MST 2024
# Start of session at: Fri Mar 21 10:58:41 2025
# Process ID         : 24472
# Current directory  : C:/Users/Elias/OneDrive/UCA/9_Semestre/Micro_2/Vivado/upDownCounter/upDownCounter.runs/impl_1
# Command line       : vivado.exe -log ButtonCounter.vdi -applog -product Vivado -messageDb vivado.pb -mode batch -source ButtonCounter.tcl -notrace
# Log file           : C:/Users/Elias/OneDrive/UCA/9_Semestre/Micro_2/Vivado/upDownCounter/upDownCounter.runs/impl_1/ButtonCounter.vdi
# Journal file       : C:/Users/Elias/OneDrive/UCA/9_Semestre/Micro_2/Vivado/upDownCounter/upDownCounter.runs/impl_1\vivado.jou
# Running On         : Elias
# Platform           : Windows Server 2016 or Windows 10
# Operating System   : 26100
# Processor Detail   : AMD Ryzen 7 5800H with Radeon Graphics         
# CPU Frequency      : 3194 MHz
# CPU Physical cores : 8
# CPU Logical cores  : 16
# Host memory        : 33663 MB
# Swap memory        : 2147 MB
# Total Virtual      : 35811 MB
# Available Virtual  : 18648 MB
#-----------------------------------------------------------
source ButtonCounter.tcl -notrace
